
exports[`renders a snapshot 1`] = `
<div
  className="card"
>
  <div
    className="card"
    style={
      Object {
        "width": "18rem",
      }
    }
  >
    <img
      className="card-img-top"
      src="Batman.png"
    />
    <div
      className="card-body"
    >
      <div
        className="card-title h5"
      >
        Batman
      </div>
      <p
        className="card-text"
      >
        I am Gothom protector of the night 
      </p>
    </div>
  </div>
</div>
`;